<?xml version="1.0" encoding="utf-8"?><testsuites><testsuite name="pytest" errors="0" failures="0" skipped="0" tests="4" time="0.071" timestamp="2021-07-25T21:27:03.452331" hostname="DESKTOP-QFMDO6T"><testcase classname="tests.sportscar.body.test_body.BodyTests" name="test_body_functions_as_expected" time="0.001" /><testcase classname="tests.sportscar.body.test_body.BodyTests" name="test_new_second_function_as_expected" time="0.001" /><testcase classname="tests.sportscar.engine.test_engine" name="test_engine_functions_as_expected" time="0.002" /><testcase classname="tests.sportscar.entertainment.test_entertainment" name="test_entertainment_functions_as_expected" time="0.001" /></testsuite></testsuites>